Description: I want to build a web application for my friend's business that includes a booking system and an online payment feature. However, I'm feeling overwhelmed about how to properly plan and start the project. Specifically, I'm unsure about: How to break down the project into components (frontend, backend, database, etc.). How to design and organize API endpoints for booking and payments. What the typical workflow should look like (user booking, payment, confirmation, etc.). Best practices for structuring the application as a beginner. Basic secure coding practices I should follow, especially for handling payments and user data. I'm not asking for a full solution, but rather guidance on how to approach the planning phase and structure the development process properly.


application.name                     -                  UNKNOWN   UNKNOWN   
capabilities.authentication          -                  UNKNOWN   UNKNOWN   
capabilities.file_uploads            -                  UNKNOWN   UNKNOWN   
capabilities.ai_inference            -                  UNKNOWN   UNKNOWN   
capabilities.realtime                -                  UNKNOWN   UNKNOWN   
capabilities.payments                true               KNOWN     USER        "an online payment feature"
capabilities.search                  -                  UNKNOWN   UNKNOWN   
capabilities.scheduled_jobs          -                  UNKNOWN   UNKNOWN   
capabilities.notifications           -                  UNKNOWN   UNKNOWN   
capabilities.data_persistence        true               INFERRED  INFERENCE   "a booking system"
workload.users                       -                  UNKNOWN   UNKNOWN   
workload.peak_concurrency            -                  UNKNOWN   UNKNOWN   
workload.read_write_ratio            -                  UNKNOWN   UNKNOWN   
workload.latency_target_ms           -                  UNKNOWN   UNKNOWN   
workload.request_burstiness          -                  UNKNOWN   UNKNOWN   
operations.ai_request_mode           -                  UNKNOWN   UNKNOWN   
operations.ai_request_duration       -                  UNKNOWN   UNKNOWN   
operations.user_waits_for_completion -                  UNKNOWN   UNKNOWN   
operations.retryable_background_work -                  UNKNOWN   UNKNOWN   
operations.public_asset_delivery     -                  UNKNOWN   UNKNOWN   
constraints.monthly_budget           -                  UNKNOWN   UNKNOWN   
constraints.currency                 -                  UNKNOWN   UNKNOWN   
constraints.team_size                -                  UNKNOWN   UNKNOWN   
constraints.provider_lock_in         -                  UNKNOWN   UNKNOWN   
constraints.region_requirements      -                  UNKNOWN   UNKNOWN   
storage.access_mode                  -                  UNKNOWN   UNKNOWN   
storage.delivery                     -                  UNKNOWN   UNKNOWN   
storage.minimum_capacity_gb          -                  UNKNOWN   UNKNOWN   
database.minimum_capacity_gb         -                  UNKNOWN   UNKNOWN   

Edit with <field>=<value> (use ? for unknown). 'confirm' to accept, 'quit' to save unconfirmed.
review> confirmed
