Description: Creating a scalable database for android app | cloud hosted

I am working to launch an app which in future will store huge number of users and there profile information. But I Wanted to start small to pre-test my app idea , so what will be the options for hosting database which are cost effective initially and scalable in future , and easy to integrate too. Many thanks for your inputs


application.name                     -                  UNKNOWN   UNKNOWN   
capabilities.authentication          true               INFERRED  INFERENCE   "store huge number of users and there profile information"
capabilities.file_uploads            -                  UNKNOWN   UNKNOWN   
capabilities.ai_inference            -                  UNKNOWN   UNKNOWN   
capabilities.realtime                -                  UNKNOWN   UNKNOWN   
capabilities.payments                -                  UNKNOWN   UNKNOWN   
capabilities.search                  -                  UNKNOWN   UNKNOWN   
capabilities.scheduled_jobs          -                  UNKNOWN   UNKNOWN   
capabilities.notifications           -                  UNKNOWN   UNKNOWN   
workload.users                       -                  UNKNOWN   UNKNOWN   
workload.peak_concurrency            -                  UNKNOWN   UNKNOWN   
workload.read_write_ratio            -                  UNKNOWN   UNKNOWN   
workload.latency_target_ms           -                  UNKNOWN   UNKNOWN   
workload.request_burstiness          -                  UNKNOWN   UNKNOWN   
operations.ai_request_mode           -                  UNKNOWN   UNKNOWN   
operations.ai_request_duration       -                  UNKNOWN   UNKNOWN   
operations.user_waits_for_completion -                  UNKNOWN   UNKNOWN   
operations.retryable_background_work -                  UNKNOWN   UNKNOWN   
operations.public_asset_delivery     -                  UNKNOWN   UNKNOWN   
constraints.monthly_budget           -                  UNKNOWN   UNKNOWN   
constraints.currency                 -                  UNKNOWN   UNKNOWN   
constraints.team_size                -                  UNKNOWN   UNKNOWN   
constraints.provider_lock_in         -                  UNKNOWN   UNKNOWN   
constraints.region_requirements      -                  UNKNOWN   UNKNOWN   
storage.access_mode                  -                  UNKNOWN   UNKNOWN   
storage.delivery                     -                  UNKNOWN   UNKNOWN   
storage.minimum_capacity_gb          -                  UNKNOWN   UNKNOWN   

Edit with <field>=<value> (use ? for unknown). 'confirm' to accept, 'quit' to save unconfirmed.
review> confirmed
