Description: Upload images to database

I am new i WPF but i make wpf application which have sql database server. My Database is only 20 mb because it's on "appharbor". In this app every user can upload image for avatar but i can't save this pictures for every user because my db is too small. Can you recommend me where to save these images and how to upload their urls in db so every user can see other users avatar picture.If anyone can give me other ideas how to upload images for every user to database tell please me. Also i don't have money to buy host because i am from Bulgaria and i am student 11-th grade. Thank you a lot.


application.name                     -                  UNKNOWN   UNKNOWN   
capabilities.authentication          true               INFERRED  INFERENCE   "every user can upload image for avatar"
capabilities.file_uploads            true               KNOWN     USER        "every user can upload image for avatar"
capabilities.ai_inference            -                  UNKNOWN   UNKNOWN   
capabilities.realtime                -                  UNKNOWN   UNKNOWN   
capabilities.payments                -                  UNKNOWN   UNKNOWN   
capabilities.search                  -                  UNKNOWN   UNKNOWN   
capabilities.scheduled_jobs          -                  UNKNOWN   UNKNOWN   
capabilities.notifications           -                  UNKNOWN   UNKNOWN   
workload.users                       -                  UNKNOWN   UNKNOWN   
workload.peak_concurrency            -                  UNKNOWN   UNKNOWN   
workload.read_write_ratio            -                  UNKNOWN   UNKNOWN   
workload.latency_target_ms           -                  UNKNOWN   UNKNOWN   
workload.request_burstiness          -                  UNKNOWN   UNKNOWN   
operations.ai_request_mode           -                  UNKNOWN   UNKNOWN   
operations.ai_request_duration       -                  UNKNOWN   UNKNOWN   
operations.user_waits_for_completion -                  UNKNOWN   UNKNOWN   
operations.retryable_background_work -                  UNKNOWN   UNKNOWN   
operations.public_asset_delivery     true               INFERRED  INFERENCE   "so every user can see other users avatar picture"
constraints.monthly_budget           -                  UNKNOWN   UNKNOWN   
constraints.currency                 -                  UNKNOWN   UNKNOWN   
constraints.team_size                -                  UNKNOWN   UNKNOWN   
constraints.provider_lock_in         -                  UNKNOWN   UNKNOWN   
constraints.region_requirements      -                  UNKNOWN   UNKNOWN   
storage.access_mode                  "public"           INFERRED  INFERENCE   "so every user can see other users avatar picture"
storage.delivery                     -                  UNKNOWN   UNKNOWN   
storage.minimum_capacity_gb          -                  UNKNOWN   UNKNOWN   

Saved unconfirmed requirements to requirements.json. Next: architect review requirements.json
